Menu Principal
1 - Abrir dados
2 - Guardar dados
3 - Ver data
4 - Avançar data
5 - Menu de gestão de utentes
6 - Menu de gestão de obras
7 - Menu de gestão de requisições
0 - Sair
Escolha uma opção: Menu de Gestão de Utentes
1 - Registar utente
2 - Mostrar utente
3 - Listar utentes
4 - Mostrar notificações de utente
5 - Saldar multa de utente
0 - Sair
Escolha uma opção: 2 - Chewbacca - chewbacca@milenium.falcon.org - NORMAL - ACTIVO
5 - Chewbacca - chewbacca2@milenium.falcon.org - NORMAL - ACTIVO
1 - Darth Vader - darth@dark.force.coAm - NORMAL - ACTIVO
4 - Darth Vader - darth2@dark.force.coAm - NORMAL - ACTIVO
7 - Han Solo - han.solo@milenium.falcon.org - NORMAL - ACTIVO
9 - Han Solo - han.solo2@milenium.falcon.org - NORMAL - ACTIVO
0 - Luke Skywalker - last.jedi@universe.com - NORMAL - ACTIVO
3 - Luke Skywalker - last.jedi2@universe.com - NORMAL - ACTIVO
6 - Rey - real.last.jedi@universe.com - NORMAL - ACTIVO
8 - Rey - real.last.jedi2@universe.com - NORMAL - ACTIVO
Menu de Gestão de Utentes
1 - Registar utente
2 - Mostrar utente
3 - Listar utentes
4 - Mostrar notificações de utente
5 - Saldar multa de utente
0 - Sair
Escolha uma opção: Menu Principal
1 - Abrir dados
2 - Guardar dados
3 - Ver data
4 - Avançar data
5 - Menu de gestão de utentes
6 - Menu de gestão de obras
7 - Menu de gestão de requisições
0 - Sair
Escolha uma opção: 